Archive member included to satisfy reference by file (symbol)

..\libbip\libbip.a(import.o)  (_start)

Discarded input sections

 .text          0x00000000        0x0 BipStatusbarLib.o
 .data          0x00000000        0x0 BipStatusbarLib.o
 .bss           0x00000000        0x0 BipStatusbarLib.o
 .data          0x00000000        0x0 main.o
 .bss           0x00000000        0x0 main.o
 .data          0x00000000        0x0 ..\libbip\libbip.a(import.o)
 .bss           0x00000000        0x0 ..\libbip\libbip.a(import.o)
 .text.intro    0x00000000        0x9 ..\libbip\libbip.a(import.o)
 .text.text_width
                0x00000000        0xc ..\libbip\libbip.a(import.o)
 .text.get_text_height
                0x00000000        0xc ..\libbip\libbip.a(import.o)
 .text.get_last_text_pos_x
                0x00000000        0xc ..\libbip\libbip.a(import.o)
 .text.draw_rect
                0x00000000        0xc ..\libbip\libbip.a(import.o)
 .text.draw_vertical_line
                0x00000000        0xc ..\libbip\libbip.a(import.o)
 .text.draw_filled_rect
                0x00000000        0xc ..\libbip\libbip.a(import.o)
 .text.show_res_by_id
                0x00000000        0xc ..\libbip\libbip.a(import.o)
 .text.set_graph_callback_to_ram_1
                0x00000000        0xc ..\libbip\libbip.a(import.o)
 .text.draw_rect_or_line
                0x00000000        0xc ..\libbip\libbip.a(import.o)
 .text.repaint_screen
                0x00000000        0xc ..\libbip\libbip.a(import.o)
 .text.show_poweroff_message
                0x00000000        0xc ..\libbip\libbip.a(import.o)
 .text.show_options_menu_2nd_screen
                0x00000000        0xc ..\libbip\libbip.a(import.o)
 .text.show_menu_options
                0x00000000        0xc ..\libbip\libbip.a(import.o)
 .text.show_menu
                0x00000000        0xc ..\libbip\libbip.a(import.o)
 .text.show_options_menu_1st_screen
                0x00000000        0xc ..\libbip\libbip.a(import.o)
 .text.get_res_ret_language
                0x00000000        0xc ..\libbip\libbip.a(import.o)
 .text._strlen  0x00000000        0xc ..\libbip\libbip.a(import.o)
 .text._strcmp  0x00000000        0xc ..\libbip\libbip.a(import.o)
 .text._strcpy  0x00000000        0xc ..\libbip\libbip.a(import.o)
 .text._strncmp
                0x00000000        0xc ..\libbip\libbip.a(import.o)
 .text._strncpy
                0x00000000        0xc ..\libbip\libbip.a(import.o)
 .text._memset  0x00000000        0xc ..\libbip\libbip.a(import.o)
 .text._memcpy  0x00000000        0xc ..\libbip\libbip.a(import.o)
 .text._memcmp  0x00000000        0xc ..\libbip\libbip.a(import.o)
 .text.get_tick_count
                0x00000000        0xc ..\libbip\libbip.a(import.o)
 .text.set_close_timer
                0x00000000        0xc ..\libbip\libbip.a(import.o)
 .text.log_printf
                0x00000000        0xc ..\libbip\libbip.a(import.o)
 .text._pvPortMalloc
                0x00000000        0xc ..\libbip\libbip.a(import.o)
 .text.vPortFree
                0x00000000        0xc ..\libbip\libbip.a(import.o)
 .text.show_menu_touch_test
                0x00000000        0xc ..\libbip\libbip.a(import.o)
 .text.show_main_menu_item
                0x00000000        0xc ..\libbip\libbip.a(import.o)
 .text.show_menu_alipay
                0x00000000        0xc ..\libbip\libbip.a(import.o)
 .text.keypress_menu_alipay_1st_screen
                0x00000000        0xc ..\libbip\libbip.a(import.o)
 .text.dispatch_left_side_menu
                0x00000000        0xc ..\libbip\libbip.a(import.o)
 .text.get_left_side_menu_active
                0x00000000        0xc ..\libbip\libbip.a(import.o)
 .text.vTaskDelay
                0x00000000        0xc ..\libbip\libbip.a(import.o)
 .text.show_alarm_set_screen
                0x00000000        0xc ..\libbip\libbip.a(import.o)
 .text.dispatch_alarm_set
                0x00000000        0xc ..\libbip\libbip.a(import.o)
 .text.store_and_enable_alarm
                0x00000000        0xc ..\libbip\libbip.a(import.o)
 .text.read_flash
                0x00000000        0xc ..\libbip\libbip.a(import.o)
 .text.write_flash
                0x00000000        0xc ..\libbip\libbip.a(import.o)
 .text.get_generic_data
                0x00000000        0xc ..\libbip\libbip.a(import.o)
 .text.set_generic_data
                0x00000000        0xc ..\libbip\libbip.a(import.o)
 .text.get_backlight_value
                0x00000000        0xc ..\libbip\libbip.a(import.o)
 .text.set_backlight_percent
                0x00000000        0xc ..\libbip\libbip.a(import.o)
 .text.set_backlight_state
                0x00000000        0xc ..\libbip\libbip.a(import.o)
 .text._rand    0x00000000        0xc ..\libbip\libbip.a(import.o)
 .text._srand   0x00000000        0xc ..\libbip\libbip.a(import.o)
 .text.send_host_app_msg
                0x00000000        0xc ..\libbip\libbip.a(import.o)
 .text.send_host_app_data
                0x00000000        0xc ..\libbip\libbip.a(import.o)
 .text.stm32_soft_reset
                0x00000000        0xc ..\libbip\libbip.a(import.o)
 .text.iwdg_reboot
                0x00000000        0xc ..\libbip\libbip.a(import.o)
 .text.get_last_heartrate
                0x00000000        0xc ..\libbip\libbip.a(import.o)
 .text.set_hrm_mode
                0x00000000        0xc ..\libbip\libbip.a(import.o)
 .text.get_hrm_struct
                0x00000000        0xc ..\libbip\libbip.a(import.o)
 .text.get_res_string_by_id
                0x00000000        0xc ..\libbip\libbip.a(import.o)
 .text.set_left_side_menu_active
                0x00000000        0xc ..\libbip\libbip.a(import.o)
 .text.is_gps_fixed
                0x00000000        0xc ..\libbip\libbip.a(import.o)
 .text.switch_gps_pressure_sensors
                0x00000000        0xc ..\libbip\libbip.a(import.o)
 .text.get_navi_data
                0x00000000        0xc ..\libbip\libbip.a(import.o)
 .text.add_notification
                0x00000000        0xc ..\libbip\libbip.a(import.o)
 .text.create_and_show_notification
                0x00000000        0xc ..\libbip\libbip.a(import.o)
 .text.get_current_timestamp
                0x00000000        0xc ..\libbip\libbip.a(import.o)
 .text.get_stored_lang
                0x00000000        0xc ..\libbip\libbip.a(import.o)
 .text.store_selected_lang
                0x00000000        0xc ..\libbip\libbip.a(import.o)
 .text.get_system_locale
                0x00000000        0xc ..\libbip\libbip.a(import.o)
 .text.draw_progressbar
                0x00000000        0xc ..\libbip\libbip.a(import.o)
 .text.dump_mem
                0x00000000        0xc ..\libbip\libbip.a(import.o)
 .text.get_res_count
                0x00000000        0xc ..\libbip\libbip.a(import.o)
 .text.read_res_by_id
                0x00000000        0xc ..\libbip\libbip.a(import.o)
 .text.add_menu_item
                0x00000000        0xc ..\libbip\libbip.a(import.o)
 .text.clear_menu
                0x00000000        0xc ..\libbip\libbip.a(import.o)
 .text.draw_menu
                0x00000000        0xc ..\libbip\libbip.a(import.o)
 .text.dispatch_menu
                0x00000000        0xc ..\libbip\libbip.a(import.o)
 .text.push_ret_f
                0x00000000        0xc ..\libbip\libbip.a(import.o)
 .text.pop_ret_f
                0x00000000        0xc ..\libbip\libbip.a(import.o)
 .text.load_elf_by_index
                0x00000000        0xc ..\libbip\libbip.a(import.o)
 .text.load_elf_by_name
                0x00000000        0xc ..\libbip\libbip.a(import.o)
 .text.init_elf_loader
                0x00000000        0xc ..\libbip\libbip.a(import.o)
 .text.elf_finish
                0x00000000        0xc ..\libbip\libbip.a(import.o)
 .text.ElfGetSettingsSize
                0x00000000        0xc ..\libbip\libbip.a(import.o)
 .text.get_res_params
                0x00000000        0xc ..\libbip\libbip.a(import.o)
 .text.get_proc_by_addr
                0x00000000        0xc ..\libbip\libbip.a(import.o)
 .text.read_elf_res_by_id
                0x00000000        0xc ..\libbip\libbip.a(import.o)
 .text.get_var_current_screen
                0x00000000        0xc ..\libbip\libbip.a(import.o)
 .text.set_var_current_screen
                0x00000000        0xc ..\libbip\libbip.a(import.o)
 .text.get_var_swipe_screen_active_number
                0x00000000        0xc ..\libbip\libbip.a(import.o)
 .text.set_var_swipe_screen_active_number
                0x00000000        0xc ..\libbip\libbip.a(import.o)
 .text.set_var_menu_overlay
                0x00000000        0xc ..\libbip\libbip.a(import.o)
 .text.get_ptr_menu_dispatch_func
                0x00000000        0xc ..\libbip\libbip.a(import.o)
 .text.set_ptr_menu_dispatch_func
                0x00000000        0xc ..\libbip\libbip.a(import.o)
 .text.get_ptr_key_press_func
                0x00000000        0xc ..\libbip\libbip.a(import.o)
 .text.set_ptr_key_press_func
                0x00000000        0xc ..\libbip\libbip.a(import.o)
 .text.get_ptr_screen_job_func
                0x00000000        0xc ..\libbip\libbip.a(import.o)
 .text.set_ptr_screen_job_func
                0x00000000        0xc ..\libbip\libbip.a(import.o)
 .text.get_ptr_temp_buf_1
                0x00000000        0xc ..\libbip\libbip.a(import.o)
 .text.get_ptr_show_menu_func
                0x00000000        0xc ..\libbip\libbip.a(import.o)
 .text.set_ptr_show_menu_func
                0x00000000        0xc ..\libbip\libbip.a(import.o)
 .text.get_ptr_long_key_press_func
                0x00000000        0xc ..\libbip\libbip.a(import.o)
 .text.set_ptr_long_key_press_func
                0x00000000        0xc ..\libbip\libbip.a(import.o)
 .text.get_var_left_side_menu_active
                0x00000000        0xc ..\libbip\libbip.a(import.o)
 .text.get_var_free_ram
                0x00000000        0xc ..\libbip\libbip.a(import.o)
 .text.get_ptr_screen_memory
                0x00000000        0xc ..\libbip\libbip.a(import.o)
 .text.get_ptr_free_list
                0x00000000        0xc ..\libbip\libbip.a(import.o)
 .text.outro    0x00000000        0xe ..\libbip\libbip.a(import.o)

Memory Configuration

Name             Origin             Length             Attributes
*default*        0x00000000         0xffffffff

Linker script and memory map

LOAD BipStatusbarLib.o
LOAD main.o
LOAD d:\program files (x86)\gnu tools arm embedded\8 2019-q3-update\bin\../arm-none-eabi/lib\libm.a
LOAD d:\program files (x86)\gnu tools arm embedded\8 2019-q3-update\bin\../arm-none-eabi/lib\libc.a
LOAD ..\libbip\libbip.a
                [!provide]                PROVIDE (__executable_start = SEGMENT_START ("text-segment", 0x8000))
                0x00008000                . = SEGMENT_START ("text-segment", 0x8000)

.interp         0x00008000       0x11
 *(.interp)
 .interp        0x00008000       0x11 BipStatusbarLib.o

.note.gnu.build-id
 *(.note.gnu.build-id)

.hash           0x00008014       0x18
 *(.hash)
 .hash          0x00008014       0x18 BipStatusbarLib.o

.gnu.hash
 *(.gnu.hash)

.dynsym         0x0000802c       0x30
 *(.dynsym)
 .dynsym        0x0000802c       0x30 BipStatusbarLib.o

.dynstr         0x0000805c        0x1
 *(.dynstr)
 .dynstr        0x0000805c        0x1 BipStatusbarLib.o

.gnu.version    0x0000805e        0x0
 *(.gnu.version)
 .gnu.version   0x0000805e        0x0 BipStatusbarLib.o

.gnu.version_d  0x00008060        0x0
 *(.gnu.version_d)
 .gnu.version_d
                0x00008060        0x0 BipStatusbarLib.o

.gnu.version_r  0x00008060        0x0
 *(.gnu.version_r)
 .gnu.version_r
                0x00008060        0x0 BipStatusbarLib.o

.rel.init
 *(.rel.init)

.rela.init
 *(.rela.init)

.rel.text       0x00008060       0xb0
 *(.rel.text .rel.text.* .rel.gnu.linkonce.t.*)
 .rel.text      0x00008060       0xb0 BipStatusbarLib.o

.rela.text
 *(.rela.text .rela.text.* .rela.gnu.linkonce.t.*)

.rel.fini
 *(.rel.fini)

.rela.fini
 *(.rela.fini)

.rel.rodata
 *(.rel.rodata .rel.rodata.* .rel.gnu.linkonce.r.*)

.rela.rodata
 *(.rela.rodata .rela.rodata.* .rela.gnu.linkonce.r.*)

.rel.data.rel.ro
                0x00008110        0x0
 *(.rel.data.rel.ro .rel.data.rel.ro.* .rel.gnu.linkonce.d.rel.ro.*)
 .rel.data.rel.ro
                0x00008110        0x0 BipStatusbarLib.o

.rela.data.rel.ro
 *(.rela.data.rel.ro .rela.data.rel.ro.* .rela.gnu.linkonce.d.rel.ro.*)

.rel.data       0x00008110       0x20
 *(.rel.data .rel.data.* .rel.gnu.linkonce.d.*)
 .rel.data.rel.screen_data
                0x00008110       0x20 BipStatusbarLib.o

.rela.data
 *(.rela.data .rela.data.* .rela.gnu.linkonce.d.*)

.rel.tdata
 *(.rel.tdata .rel.tdata.* .rel.gnu.linkonce.td.*)

.rela.tdata
 *(.rela.tdata .rela.tdata.* .rela.gnu.linkonce.td.*)

.rel.tbss
 *(.rel.tbss .rel.tbss.* .rel.gnu.linkonce.tb.*)

.rela.tbss
 *(.rela.tbss .rela.tbss.* .rela.gnu.linkonce.tb.*)

.rel.ctors
 *(.rel.ctors)

.rela.ctors
 *(.rela.ctors)

.rel.dtors
 *(.rel.dtors)

.rela.dtors
 *(.rela.dtors)

.rel.got        0x00008130       0x18
 *(.rel.got)
 .rel.got       0x00008130       0x18 BipStatusbarLib.o

.rela.got
 *(.rela.got)

.rel.bss        0x00008148        0x0
 *(.rel.bss .rel.bss.* .rel.gnu.linkonce.b.*)
 .rel.bss       0x00008148        0x0 BipStatusbarLib.o

.rela.bss
 *(.rela.bss .rela.bss.* .rela.gnu.linkonce.b.*)

.rel.iplt       0x00008148        0x0
                [!provide]                PROVIDE (__rel_iplt_start = .)
 *(.rel.iplt)
 .rel.iplt      0x00008148        0x0 BipStatusbarLib.o
                [!provide]                PROVIDE (__rel_iplt_end = .)

.rela.iplt      0x00008148        0x0
                [!provide]                PROVIDE (__rela_iplt_start = .)
 *(.rela.iplt)
                [!provide]                PROVIDE (__rela_iplt_end = .)

.rel.plt        0x00008148        0x0
 *(.rel.plt)
 .rel.plt       0x00008148        0x0 BipStatusbarLib.o

.rela.plt
 *(.rela.plt)

.init
 *(SORT_NONE(.init))

.plt            0x00008148        0x0
 *(.plt)
 .plt           0x00008148        0x0 BipStatusbarLib.o

.iplt           0x00008148        0x0
 *(.iplt)
 .iplt          0x00008148        0x0 BipStatusbarLib.o

.text           0x00008148      0x898
 *(.text.unlikely .text.*_unlikely .text.unlikely.*)
 *(.text.exit .text.exit.*)
 *(.text.startup .text.startup.*)
 .text.startup.main
                0x00008148        0xa main.o
                0x00008148                main
 *(.text.hot .text.hot.*)
 *(.text .stub .text.* .gnu.linkonce.t.*)
 *fill*         0x00008152        0x2 
 .text.show_statusbar
                0x00008154      0x1cc BipStatusbarLib.o
                0x00008154                show_statusbar
 .text          0x00008320       0x54 main.o
 .text.key_press_screen
                0x00008374       0x3c main.o
                0x00008374                key_press_screen
 .text.draw_screen
                0x000083b0       0x78 main.o
                0x000083b0                draw_screen
 .text.show_screen
                0x00008428      0x22c main.o
                0x00008428                show_screen
 .text.screen_job
                0x00008654       0x3e main.o
                0x00008654                screen_job
 *fill*         0x00008692        0x2 
 .text.dispatch_screen
                0x00008694      0x1f0 main.o
                0x00008694                dispatch_screen
 .text          0x00008884        0xc ..\libbip\libbip.a(import.o)
                0x00008884                _start
 .text.text_out
                0x00008890        0xc ..\libbip\libbip.a(import.o)
                0x00008890                text_out
 .text.text_out_center
                0x0000889c        0xc ..\libbip\libbip.a(import.o)
                0x0000889c                text_out_center
 .text.set_bg_color
                0x000088a8        0xc ..\libbip\libbip.a(import.o)
                0x000088a8                set_bg_color
 .text.set_fg_color
                0x000088b4        0xc ..\libbip\libbip.a(import.o)
                0x000088b4                set_fg_color
 .text.draw_horizontal_line
                0x000088c0        0xc ..\libbip\libbip.a(import.o)
                0x000088c0                draw_horizontal_line
 .text.fill_screen_bg
                0x000088cc        0xc ..\libbip\libbip.a(import.o)
                0x000088cc                fill_screen_bg
 .text.draw_filled_rect_bg
                0x000088d8        0xc ..\libbip\libbip.a(import.o)
                0x000088d8                draw_filled_rect_bg
 .text.repaint_screen_lines
                0x000088e4        0xc ..\libbip\libbip.a(import.o)
                0x000088e4                repaint_screen_lines
 .text.reg_menu
                0x000088f0        0xc ..\libbip\libbip.a(import.o)
                0x000088f0                reg_menu
 .text.show_menu_animate
                0x000088fc        0xc ..\libbip\libbip.a(import.o)
                0x000088fc                show_menu_animate
 .text.load_font
                0x00008908        0xc ..\libbip\libbip.a(import.o)
                0x00008908                load_font
 .text._sprintf
                0x00008914        0xc ..\libbip\libbip.a(import.o)
                0x00008914                _sprintf
 .text._memclr  0x00008920        0xc ..\libbip\libbip.a(import.o)
                0x00008920                _memclr
 .text.set_update_period
                0x0000892c        0xc ..\libbip\libbip.a(import.o)
                0x0000892c                set_update_period
 .text.set_display_state_value
                0x00008938        0xc ..\libbip\libbip.a(import.o)
                0x00008938                set_display_state_value
 .text.vibrate  0x00008944        0xc ..\libbip\libbip.a(import.o)
                0x00008944                vibrate
 .text.get_current_date_time
                0x00008950        0xc ..\libbip\libbip.a(import.o)
                0x00008950                get_current_date_time
 .text.show_watchface
                0x0000895c        0xc ..\libbip\libbip.a(import.o)
                0x0000895c                show_watchface
 .text.show_big_digit
                0x00008968        0xc ..\libbip\libbip.a(import.o)
                0x00008968                show_big_digit
 .text.check_app_state
                0x00008974        0xc ..\libbip\libbip.a(import.o)
                0x00008974                check_app_state
 .text.get_selected_locale
                0x00008980        0xc ..\libbip\libbip.a(import.o)
                0x00008980                get_selected_locale
 .text.pvPortMalloc
                0x0000898c        0xc ..\libbip\libbip.a(import.o)
                0x0000898c                pvPortMalloc
 .text.get_fw_version
                0x00008998        0xc ..\libbip\libbip.a(import.o)
                0x00008998                get_fw_version
 .text.ElfReadSettings
                0x000089a4        0xc ..\libbip\libbip.a(import.o)
                0x000089a4                ElfReadSettings
 .text.ElfWriteSettings
                0x000089b0        0xc ..\libbip\libbip.a(import.o)
                0x000089b0                ElfWriteSettings
 .text.show_elf_res_by_id
                0x000089bc        0xc ..\libbip\libbip.a(import.o)
                0x000089bc                show_elf_res_by_id
 .text.get_var_menu_overlay
                0x000089c8        0xc ..\libbip\libbip.a(import.o)
                0x000089c8                get_var_menu_overlay
 .text.get_ptr_temp_buf_2
                0x000089d4        0xc ..\libbip\libbip.a(import.o)
                0x000089d4                get_ptr_temp_buf_2
 *(.gnu.warning)
 *(.glue_7t)
 .glue_7t       0x000089e0        0x0 linker stubs
 *(.glue_7)
 .glue_7        0x000089e0        0x0 linker stubs
 *(.vfp11_veneer)
 .vfp11_veneer  0x000089e0        0x0 linker stubs
 *(.v4_bx)
 .v4_bx         0x000089e0        0x0 linker stubs

.fini
 *(SORT_NONE(.fini))
                [!provide]                PROVIDE (__etext = .)
                [!provide]                PROVIDE (_etext = .)
                [!provide]                PROVIDE (etext = .)

.rodata         0x000089e0      0x16a
 *(.rodata .rodata.* .gnu.linkonce.r.*)
 .rodata.show_statusbar.str1.1
                0x000089e0       0x1d BipStatusbarLib.o
 .rodata.draw_screen.str1.1
                0x000089fd        0x5 main.o
 .rodata.show_screen.str1.1
                0x00008a02       0x16 main.o
 .rodata.str1.1
                0x00008a18      0x132 main.o

.rodata1
 *(.rodata1)

.ARM.extab
 *(.ARM.extab* .gnu.linkonce.armextab.*)
                [!provide]                PROVIDE (__exidx_start = .)

.ARM.exidx
 *(.ARM.exidx* .gnu.linkonce.armexidx.*)
                [!provide]                PROVIDE (__exidx_end = .)

.eh_frame_hdr
 *(.eh_frame_hdr)
 *(.eh_frame_entry .eh_frame_entry.*)

.eh_frame
 *(.eh_frame)
 *(.eh_frame.*)

.gcc_except_table
 *(.gcc_except_table .gcc_except_table.*)

.gnu_extab
 *(.gnu_extab*)

.exception_ranges
 *(.exception_ranges*)
                0x00008b4a                . = .

.eh_frame
 *(.eh_frame)
 *(.eh_frame.*)

.gnu_extab
 *(.gnu_extab)

.gcc_except_table
 *(.gcc_except_table .gcc_except_table.*)

.exception_ranges
 *(.exception_ranges*)

.tdata          0x00008b4a        0x0
                [!provide]                PROVIDE (__tdata_start = .)
 *(.tdata .tdata.* .gnu.linkonce.td.*)

.tbss
 *(.tbss .tbss.* .gnu.linkonce.tb.*)
 *(.tcommon)

.preinit_array  0x00008b4a        0x0
                [!provide]                PROVIDE (__preinit_array_start = .)
 *(.preinit_array)
                [!provide]                PROVIDE (__preinit_array_end = .)

.init_array     0x00008b4a        0x0
                [!provide]                PROVIDE (__init_array_start = .)
 *(SORT_BY_INIT_PRIORITY(.init_array.*) SORT_BY_INIT_PRIORITY(.ctors.*))
 *(.init_array EXCLUDE_FILE(*crtend?.o *crtend.o *crtbegin?.o *crtbegin.o) .ctors)
                [!provide]                PROVIDE (__init_array_end = .)

.fini_array     0x00008b4a        0x0
                [!provide]                PROVIDE (__fini_array_start = .)
 *(SORT_BY_INIT_PRIORITY(.fini_array.*) SORT_BY_INIT_PRIORITY(.dtors.*))
 *(.fini_array EXCLUDE_FILE(*crtend?.o *crtend.o *crtbegin?.o *crtbegin.o) .dtors)
                [!provide]                PROVIDE (__fini_array_end = .)

.ctors
 *crtbegin.o(.ctors)
 *crtbegin?.o(.ctors)
 *(EXCLUDE_FILE(*crtend?.o *crtend.o) .ctors)
 *(SORT_BY_NAME(.ctors.*))
 *(.ctors)

.dtors
 *crtbegin.o(.dtors)
 *crtbegin?.o(.dtors)
 *(EXCLUDE_FILE(*crtend?.o *crtend.o) .dtors)
 *(SORT_BY_NAME(.dtors.*))
 *(.dtors)

.jcr
 *(.jcr)

.data.rel.ro    0x00008b4a        0x0
 *(.data.rel.ro.local* .gnu.linkonce.d.rel.ro.local.*)
 *(.data.rel.ro .data.rel.ro.* .gnu.linkonce.d.rel.ro.*)
 .data.rel.ro   0x00008b4a        0x0 BipStatusbarLib.o

.dynamic        0x00008b4c       0x80
 *(.dynamic)
 .dynamic       0x00008b4c       0x80 BipStatusbarLib.o
                0x00008b4c                _DYNAMIC

.got            0x00008bcc       0x18
 *(.got.plt)
 .got.plt       0x00008bcc        0xc BipStatusbarLib.o
                0x00008bcc                _GLOBAL_OFFSET_TABLE_
 *(.igot.plt)
 .igot.plt      0x00008bd8        0x0 BipStatusbarLib.o
 *(.got)
 .got           0x00008bd8        0xc BipStatusbarLib.o
 *(.igot)

.data           0x00008be4       0x20
                0x00008be4                __data_start = .
 *(.data .data.* .gnu.linkonce.d.*)
 .data.rel.screen_data
                0x00008be4       0x20 main.o
                0x00008be4                screen_data

.data1
 *(.data1)
                0x00008c04                _edata = .
                [!provide]                PROVIDE (edata = .)
                0x00008c04                . = .
                0x00008c04                __bss_start = .
                0x00008c04                __bss_start__ = .

.bss            0x00008c04        0x4
 *(.dynbss)
 .dynbss        0x00008c04        0x0 BipStatusbarLib.o
 *(.bss .bss.* .gnu.linkonce.b.*)
 .bss.incr_no   0x00008c04        0x4 main.o
 *(COMMON)
                0x00008c08                . = ALIGN ((. != 0x0)?0x4:0x1)
                0x00008c08                _bss_end__ = .
                0x00008c08                __bss_end__ = .
                0x00008c08                . = ALIGN (0x4)
                0x00008c08                . = SEGMENT_START ("ldata-segment", .)
                0x00008c08                . = ALIGN (0x4)
                0x00008c08                __end__ = .
                0x00008c08                _end = .
                [!provide]                PROVIDE (end = .)

.stack          0x00080000        0x0
                0x00080000                _stack = .
 *(.stack)

.stab
 *(.stab)

.stabstr
 *(.stabstr)

.stab.excl
 *(.stab.excl)

.stab.exclstr
 *(.stab.exclstr)

.stab.index
 *(.stab.index)

.stab.indexstr
 *(.stab.indexstr)

.comment        0x00000000       0x76
 *(.comment)
 .comment       0x00000000       0x76 BipStatusbarLib.o
                                 0x77 (size before relaxing)
 .comment       0x00000076       0x77 main.o

.gnu.build.attributes
 *(.gnu.build.attributes .gnu.build.attributes.*)

.debug
 *(.debug)

.line
 *(.line)

.debug_srcinfo
 *(.debug_srcinfo)

.debug_sfnames
 *(.debug_sfnames)

.debug_aranges
 *(.debug_aranges)

.debug_pubnames
 *(.debug_pubnames)

.debug_info
 *(.debug_info .gnu.linkonce.wi.*)

.debug_abbrev
 *(.debug_abbrev)

.debug_line
 *(.debug_line .debug_line.* .debug_line_end)

.debug_frame
 *(.debug_frame)

.debug_str
 *(.debug_str)

.debug_loc
 *(.debug_loc)

.debug_macinfo
 *(.debug_macinfo)

.debug_weaknames
 *(.debug_weaknames)

.debug_funcnames
 *(.debug_funcnames)

.debug_typenames
 *(.debug_typenames)

.debug_varnames
 *(.debug_varnames)

.debug_pubtypes
 *(.debug_pubtypes)

.debug_ranges
 *(.debug_ranges)

.debug_macro
 *(.debug_macro)

.debug_addr
 *(.debug_addr)

.ARM.attributes
                0x00000000       0x32
 *(.ARM.attributes)
 .ARM.attributes
                0x00000000       0x34 BipStatusbarLib.o
 .ARM.attributes
                0x00000034       0x34 main.o
 .ARM.attributes
                0x00000068       0x21 ..\libbip\libbip.a(import.o)
 *(.gnu.attributes)

.note.gnu.arm.ident
 *(.note.gnu.arm.ident)

/DISCARD/
 *(.note.GNU-stack)
 *(.gnu_debuglink)
 *(.gnu.lto_*)
OUTPUT(BipCounter_by_erekoze.elf elf32-littlearm)

Cross Reference Table

Symbol                                            File
ElfGetSettingsSize                                ..\libbip\libbip.a(import.o)
ElfReadSettings                                   ..\libbip\libbip.a(import.o)
                                                  main.o
ElfWriteSettings                                  ..\libbip\libbip.a(import.o)
                                                  main.o
_DYNAMIC                                          BipStatusbarLib.o
_GLOBAL_OFFSET_TABLE_                             BipStatusbarLib.o
                                                  main.o
_memclr                                           ..\libbip\libbip.a(import.o)
                                                  main.o
_memcmp                                           ..\libbip\libbip.a(import.o)
_memcpy                                           ..\libbip\libbip.a(import.o)
_memset                                           ..\libbip\libbip.a(import.o)
_pvPortMalloc                                     ..\libbip\libbip.a(import.o)
_rand                                             ..\libbip\libbip.a(import.o)
_sprintf                                          ..\libbip\libbip.a(import.o)
                                                  main.o
                                                  BipStatusbarLib.o
_srand                                            ..\libbip\libbip.a(import.o)
_start                                            ..\libbip\libbip.a(import.o)
_strcmp                                           ..\libbip\libbip.a(import.o)
_strcpy                                           ..\libbip\libbip.a(import.o)
_strlen                                           ..\libbip\libbip.a(import.o)
_strncmp                                          ..\libbip\libbip.a(import.o)
_strncpy                                          ..\libbip\libbip.a(import.o)
add_menu_item                                     ..\libbip\libbip.a(import.o)
add_notification                                  ..\libbip\libbip.a(import.o)
check_app_state                                   ..\libbip\libbip.a(import.o)
                                                  BipStatusbarLib.o
clear_menu                                        ..\libbip\libbip.a(import.o)
create_and_show_notification                      ..\libbip\libbip.a(import.o)
dispatch_alarm_set                                ..\libbip\libbip.a(import.o)
dispatch_left_side_menu                           ..\libbip\libbip.a(import.o)
dispatch_menu                                     ..\libbip\libbip.a(import.o)
dispatch_screen                                   main.o
draw_filled_rect                                  ..\libbip\libbip.a(import.o)
draw_filled_rect_bg                               ..\libbip\libbip.a(import.o)
                                                  main.o
                                                  BipStatusbarLib.o
draw_horizontal_line                              ..\libbip\libbip.a(import.o)
                                                  BipStatusbarLib.o
draw_menu                                         ..\libbip\libbip.a(import.o)
draw_progressbar                                  ..\libbip\libbip.a(import.o)
draw_rect                                         ..\libbip\libbip.a(import.o)
draw_rect_or_line                                 ..\libbip\libbip.a(import.o)
draw_screen                                       main.o
draw_vertical_line                                ..\libbip\libbip.a(import.o)
dump_mem                                          ..\libbip\libbip.a(import.o)
elf_finish                                        ..\libbip\libbip.a(import.o)
fill_screen_bg                                    ..\libbip\libbip.a(import.o)
                                                  main.o
get_backlight_value                               ..\libbip\libbip.a(import.o)
get_current_date_time                             ..\libbip\libbip.a(import.o)
                                                  BipStatusbarLib.o
get_current_timestamp                             ..\libbip\libbip.a(import.o)
get_fw_version                                    ..\libbip\libbip.a(import.o)
                                                  BipStatusbarLib.o
get_generic_data                                  ..\libbip\libbip.a(import.o)
get_hrm_struct                                    ..\libbip\libbip.a(import.o)
get_last_heartrate                                ..\libbip\libbip.a(import.o)
get_last_text_pos_x                               ..\libbip\libbip.a(import.o)
get_left_side_menu_active                         ..\libbip\libbip.a(import.o)
get_navi_data                                     ..\libbip\libbip.a(import.o)
get_proc_by_addr                                  ..\libbip\libbip.a(import.o)
get_ptr_free_list                                 ..\libbip\libbip.a(import.o)
get_ptr_key_press_func                            ..\libbip\libbip.a(import.o)
get_ptr_long_key_press_func                       ..\libbip\libbip.a(import.o)
get_ptr_menu_dispatch_func                        ..\libbip\libbip.a(import.o)
get_ptr_screen_job_func                           ..\libbip\libbip.a(import.o)
get_ptr_screen_memory                             ..\libbip\libbip.a(import.o)
get_ptr_show_menu_func                            ..\libbip\libbip.a(import.o)
get_ptr_temp_buf_1                                ..\libbip\libbip.a(import.o)
get_ptr_temp_buf_2                                ..\libbip\libbip.a(import.o)
                                                  main.o
get_res_count                                     ..\libbip\libbip.a(import.o)
get_res_params                                    ..\libbip\libbip.a(import.o)
get_res_ret_language                              ..\libbip\libbip.a(import.o)
get_res_string_by_id                              ..\libbip\libbip.a(import.o)
get_selected_locale                               ..\libbip\libbip.a(import.o)
                                                  main.o
get_stored_lang                                   ..\libbip\libbip.a(import.o)
get_system_locale                                 ..\libbip\libbip.a(import.o)
get_text_height                                   ..\libbip\libbip.a(import.o)
get_tick_count                                    ..\libbip\libbip.a(import.o)
get_var_current_screen                            ..\libbip\libbip.a(import.o)
get_var_free_ram                                  ..\libbip\libbip.a(import.o)
get_var_left_side_menu_active                     ..\libbip\libbip.a(import.o)
get_var_menu_overlay                              ..\libbip\libbip.a(import.o)
                                                  main.o
get_var_swipe_screen_active_number                ..\libbip\libbip.a(import.o)
init_elf_loader                                   ..\libbip\libbip.a(import.o)
is_gps_fixed                                      ..\libbip\libbip.a(import.o)
iwdg_reboot                                       ..\libbip\libbip.a(import.o)
key_press_screen                                  main.o
keypress_menu_alipay_1st_screen                   ..\libbip\libbip.a(import.o)
load_elf_by_index                                 ..\libbip\libbip.a(import.o)
load_elf_by_name                                  ..\libbip\libbip.a(import.o)
load_font                                         ..\libbip\libbip.a(import.o)
                                                  main.o
log_printf                                        ..\libbip\libbip.a(import.o)
main                                              main.o
                                                  ..\libbip\libbip.a(import.o)
pop_ret_f                                         ..\libbip\libbip.a(import.o)
push_ret_f                                        ..\libbip\libbip.a(import.o)
pvPortMalloc                                      ..\libbip\libbip.a(import.o)
                                                  main.o
read_elf_res_by_id                                ..\libbip\libbip.a(import.o)
read_flash                                        ..\libbip\libbip.a(import.o)
read_res_by_id                                    ..\libbip\libbip.a(import.o)
reg_menu                                          ..\libbip\libbip.a(import.o)
                                                  main.o
repaint_screen                                    ..\libbip\libbip.a(import.o)
repaint_screen_lines                              ..\libbip\libbip.a(import.o)
                                                  main.o
                                                  BipStatusbarLib.o
screen_data                                       main.o
screen_job                                        main.o
send_host_app_data                                ..\libbip\libbip.a(import.o)
send_host_app_msg                                 ..\libbip\libbip.a(import.o)
set_backlight_percent                             ..\libbip\libbip.a(import.o)
set_backlight_state                               ..\libbip\libbip.a(import.o)
set_bg_color                                      ..\libbip\libbip.a(import.o)
                                                  main.o
                                                  BipStatusbarLib.o
set_close_timer                                   ..\libbip\libbip.a(import.o)
set_display_state_value                           ..\libbip\libbip.a(import.o)
                                                  main.o
set_fg_color                                      ..\libbip\libbip.a(import.o)
                                                  main.o
                                                  BipStatusbarLib.o
set_generic_data                                  ..\libbip\libbip.a(import.o)
set_graph_callback_to_ram_1                       ..\libbip\libbip.a(import.o)
set_hrm_mode                                      ..\libbip\libbip.a(import.o)
set_left_side_menu_active                         ..\libbip\libbip.a(import.o)
set_ptr_key_press_func                            ..\libbip\libbip.a(import.o)
set_ptr_long_key_press_func                       ..\libbip\libbip.a(import.o)
set_ptr_menu_dispatch_func                        ..\libbip\libbip.a(import.o)
set_ptr_screen_job_func                           ..\libbip\libbip.a(import.o)
set_ptr_show_menu_func                            ..\libbip\libbip.a(import.o)
set_update_period                                 ..\libbip\libbip.a(import.o)
                                                  main.o
set_var_current_screen                            ..\libbip\libbip.a(import.o)
set_var_menu_overlay                              ..\libbip\libbip.a(import.o)
set_var_swipe_screen_active_number                ..\libbip\libbip.a(import.o)
show_alarm_set_screen                             ..\libbip\libbip.a(import.o)
show_big_digit                                    ..\libbip\libbip.a(import.o)
                                                  main.o
show_elf_res_by_id                                ..\libbip\libbip.a(import.o)
                                                  main.o
show_main_menu_item                               ..\libbip\libbip.a(import.o)
show_menu                                         ..\libbip\libbip.a(import.o)
show_menu_alipay                                  ..\libbip\libbip.a(import.o)
show_menu_animate                                 ..\libbip\libbip.a(import.o)
                                                  main.o
show_menu_options                                 ..\libbip\libbip.a(import.o)
show_menu_touch_test                              ..\libbip\libbip.a(import.o)
show_options_menu_1st_screen                      ..\libbip\libbip.a(import.o)
show_options_menu_2nd_screen                      ..\libbip\libbip.a(import.o)
show_poweroff_message                             ..\libbip\libbip.a(import.o)
show_res_by_id                                    ..\libbip\libbip.a(import.o)
show_screen                                       main.o
show_statusbar                                    BipStatusbarLib.o
                                                  main.o
show_watchface                                    ..\libbip\libbip.a(import.o)
                                                  main.o
stm32_soft_reset                                  ..\libbip\libbip.a(import.o)
store_and_enable_alarm                            ..\libbip\libbip.a(import.o)
store_selected_lang                               ..\libbip\libbip.a(import.o)
switch_gps_pressure_sensors                       ..\libbip\libbip.a(import.o)
text_out                                          ..\libbip\libbip.a(import.o)
                                                  main.o
                                                  BipStatusbarLib.o
text_out_center                                   ..\libbip\libbip.a(import.o)
                                                  BipStatusbarLib.o
text_width                                        ..\libbip\libbip.a(import.o)
vPortFree                                         ..\libbip\libbip.a(import.o)
vTaskDelay                                        ..\libbip\libbip.a(import.o)
vibrate                                           ..\libbip\libbip.a(import.o)
                                                  main.o
write_flash                                       ..\libbip\libbip.a(import.o)
